npm warn Unknown env config "http-proxy". This will stop working in the next major version of npm.
web@ /workspace/scratch/ca4f8c67d9e0/Arcan-Painting
├─┬ @hono/node-server@1.19.17
│ └── hono@4.13.9 deduped
├─┬ @react-router/dev@7.18.2
│ ├─┬ @babel/core@7.29.7
│ │ └─┬ @babel/helper-compilation-targets@7.29.7
│ │   └── browserslist@4.29.1 deduped
│ └── valibot@1.5.0
├─┬ @react-router/serve@7.18.2
│ ├─┬ @react-router/express@7.18.2
│ │ └── express@4.22.3 deduped
│ ├─┬ express@4.22.3
│ │ ├─┬ body-parser@1.20.8
│ │ │ └── qs@6.16.0 deduped
│ │ └── qs@6.16.0 deduped
│ └── morgan@1.12.1
├─┬ autoprefixer@10.5.4
│ └─┬ browserslist@4.29.1
│   ├── baseline-browser-mapping@2.11.26
│   └─┬ update-browserslist-db@1.3.3
│     └── browserslist@4.29.1 deduped
├─┬ gray-matter@4.0.3
│ └── js-yaml@3.15.2
├── hono@4.13.9
├─┬ react-router-hono-server@2.26.0
│ ├─┬ @hono/node-ws@1.3.0
│ │ └── hono@4.13.9 deduped
│ ├─┬ @hono/vite-dev-server@0.25.1
│ │ └── hono@4.13.9 deduped
│ └── hono@4.13.9 deduped
└─┬ stripe@18.5.0
  └── qs@6.16.0

